
Memory Configuration

Name             Origin             Length             Attributes
flash            0x00000000         0x20000000         xr
sram             0x20000000         0x20000000         xrw
*default*        0x00000000         0xffffffff

Linker script and memory map


.text           0x00000000      0x134
 *(.vectors*)
 .vectors       0x00000000       0x10 startup.o
                0x00000000                vectors
 *(.text*)
 .text          0x00000010       0x94 main.o
                0x00000010                main
 .text          0x000000a4       0x90 startup.o
                0x000000a4                default_Handler
                0x000000a4                H_fault_Handler
                0x000000a4                NMI_Handler
                0x000000b0                reset_Handler
 *(.rodata)
                0x00000134                E_TEXT = .

.glue_7         0x00000134        0x0
 .glue_7        0x00000000        0x0 linker stubs

.glue_7t        0x00000134        0x0
 .glue_7t       0x00000000        0x0 linker stubs

.vfp11_veneer   0x00000134        0x0
 .vfp11_veneer  0x00000000        0x0 linker stubs

.v4_bx          0x00000134        0x0
 .v4_bx         0x00000000        0x0 linker stubs

.iplt           0x00000134        0x0
 .iplt          0x00000000        0x0 main.o

.rel.dyn        0x00000134        0x0
 .rel.iplt      0x00000000        0x0 main.o

.data           0x20000000        0x0 load address 0x00000134
                0x20000000                S_DATA = .
 *(.data)
 .data          0x20000000        0x0 main.o
 .data          0x20000000        0x0 startup.o
                0x20000000                . = ALIGN (0x4)
                0x20000000                E_DATA = .

.igot.plt       0x20000000        0x0 load address 0x00000134
 .igot.plt      0x00000000        0x0 main.o

.bss            0x20000000      0x400 load address 0x00000134
                0x20000000                S_BSS = .
 *(.bss)
 .bss           0x20000000        0x0 main.o
 .bss           0x20000000      0x400 startup.o
                0x20000400                . = ALIGN (0x4)
                0x20000400                E_BSS = .
                0x20000400                . = ALIGN (0x4)
LOAD main.o
LOAD startup.o
OUTPUT(lesson3-lab3.elf elf32-littlearm)

.debug_info     0x00000000      0x1e2
 .debug_info    0x00000000       0x66 main.o
 .debug_info    0x00000066      0x17c startup.o

.debug_abbrev   0x00000000      0x13a
 .debug_abbrev  0x00000000       0x5c main.o
 .debug_abbrev  0x0000005c       0xde startup.o

.debug_loc      0x00000000       0xb4
 .debug_loc     0x00000000       0x38 main.o
 .debug_loc     0x00000038       0x7c startup.o

.debug_aranges  0x00000000       0x40
 .debug_aranges
                0x00000000       0x20 main.o
 .debug_aranges
                0x00000020       0x20 startup.o

.debug_line     0x00000000       0xca
 .debug_line    0x00000000       0x63 main.o
 .debug_line    0x00000063       0x67 startup.o

.debug_str      0x00000000      0x16e
 .debug_str     0x00000000       0xec main.o
 .debug_str     0x000000ec       0x82 startup.o
                                0x169 (size before relaxing)

.comment        0x00000000       0x7b
 .comment       0x00000000       0x7b main.o
                                 0x7c (size before relaxing)
 .comment       0x00000000       0x7c startup.o

.ARM.attributes
                0x00000000       0x33
 .ARM.attributes
                0x00000000       0x33 main.o
 .ARM.attributes
                0x00000033       0x33 startup.o

.debug_frame    0x00000000       0x7c
 .debug_frame   0x00000000       0x2c main.o
 .debug_frame   0x0000002c       0x50 startup.o
