Stm32_F103C6_EXTI_driver.c:44:6:NVIC_ENABLE	16	static
Stm32_F103C6_EXTI_driver.c:81:6:NVIC_DISABLE	16	static
Stm32_F103C6_EXTI_driver.c:146:6:MCAL_EXTI_GPIO_Init	16	static
Stm32_F103C6_EXTI_driver.c:158:6:MCAL_EXTI_GPIO_DeInit	4	static
Stm32_F103C6_EXTI_driver.c:193:6:MCAL_EXTI_GPIO_Update	24	static
Stm32_F103C6_EXTI_driver.c:263:6:EXTI0_IRQHandler	8	static
Stm32_F103C6_EXTI_driver.c:271:6:EXTI1_IRQHandler	8	static
Stm32_F103C6_EXTI_driver.c:278:6:EXTI2_IRQHandler	8	static
Stm32_F103C6_EXTI_driver.c:285:6:EXTI3_IRQHandler	8	static
Stm32_F103C6_EXTI_driver.c:294:6:EXTI4_IRQHandler	8	static
Stm32_F103C6_EXTI_driver.c:303:6:EXTI9_5_IRQHandler	8	static
Stm32_F103C6_EXTI_driver.c:314:6:EXTI15_10_IRQHandler	8	static
