Archive member included to satisfy reference by file (symbol)

c:/st/stm32cubeide_1.4.0/stm32cubeide/plugins/com.st.stm32cube.ide.mcu.externaltools.gnu-tools-for-stm32.7-2018-q2-update.win32_1.4.0.202007081208/tools/bin/../lib/gcc/arm-none-eabi/7.3.1/../../../../arm-none-eabi/lib/thumb/v7-m\libc_nano.a(lib_a-errno.o)
                              Src/syscalls.o (__errno)
c:/st/stm32cubeide_1.4.0/stm32cubeide/plugins/com.st.stm32cube.ide.mcu.externaltools.gnu-tools-for-stm32.7-2018-q2-update.win32_1.4.0.202007081208/tools/bin/../lib/gcc/arm-none-eabi/7.3.1/../../../../arm-none-eabi/lib/thumb/v7-m\libc_nano.a(lib_a-exit.o)
                              c:/st/stm32cubeide_1.4.0/stm32cubeide/plugins/com.st.stm32cube.ide.mcu.externaltools.gnu-tools-for-stm32.7-2018-q2-update.win32_1.4.0.202007081208/tools/bin/../lib/gcc/arm-none-eabi/7.3.1/../../../../arm-none-eabi/lib/thumb/v7-m/crt0.o (exit)
c:/st/stm32cubeide_1.4.0/stm32cubeide/plugins/com.st.stm32cube.ide.mcu.externaltools.gnu-tools-for-stm32.7-2018-q2-update.win32_1.4.0.202007081208/tools/bin/../lib/gcc/arm-none-eabi/7.3.1/../../../../arm-none-eabi/lib/thumb/v7-m\libc_nano.a(lib_a-impure.o)
                              c:/st/stm32cubeide_1.4.0/stm32cubeide/plugins/com.st.stm32cube.ide.mcu.externaltools.gnu-tools-for-stm32.7-2018-q2-update.win32_1.4.0.202007081208/tools/bin/../lib/gcc/arm-none-eabi/7.3.1/../../../../arm-none-eabi/lib/thumb/v7-m\libc_nano.a(lib_a-exit.o) (_global_impure_ptr)
c:/st/stm32cubeide_1.4.0/stm32cubeide/plugins/com.st.stm32cube.ide.mcu.externaltools.gnu-tools-for-stm32.7-2018-q2-update.win32_1.4.0.202007081208/tools/bin/../lib/gcc/arm-none-eabi/7.3.1/../../../../arm-none-eabi/lib/thumb/v7-m\libc_nano.a(lib_a-init.o)
                              c:/st/stm32cubeide_1.4.0/stm32cubeide/plugins/com.st.stm32cube.ide.mcu.externaltools.gnu-tools-for-stm32.7-2018-q2-update.win32_1.4.0.202007081208/tools/bin/../lib/gcc/arm-none-eabi/7.3.1/../../../../arm-none-eabi/lib/thumb/v7-m/crt0.o (__libc_init_array)
c:/st/stm32cubeide_1.4.0/stm32cubeide/plugins/com.st.stm32cube.ide.mcu.externaltools.gnu-tools-for-stm32.7-2018-q2-update.win32_1.4.0.202007081208/tools/bin/../lib/gcc/arm-none-eabi/7.3.1/../../../../arm-none-eabi/lib/thumb/v7-m\libc_nano.a(lib_a-memset.o)
                              c:/st/stm32cubeide_1.4.0/stm32cubeide/plugins/com.st.stm32cube.ide.mcu.externaltools.gnu-tools-for-stm32.7-2018-q2-update.win32_1.4.0.202007081208/tools/bin/../lib/gcc/arm-none-eabi/7.3.1/../../../../arm-none-eabi/lib/thumb/v7-m/crt0.o (memset)
c:/st/stm32cubeide_1.4.0/stm32cubeide/plugins/com.st.stm32cube.ide.mcu.externaltools.gnu-tools-for-stm32.7-2018-q2-update.win32_1.4.0.202007081208/tools/bin/../lib/gcc/arm-none-eabi/7.3.1/../../../../arm-none-eabi/lib/thumb/v7-m\libc_nano.a(lib_a-printf.o)
                              Radwa_RTOS/Circular_FIFO.o (printf)
c:/st/stm32cubeide_1.4.0/stm32cubeide/plugins/com.st.stm32cube.ide.mcu.externaltools.gnu-tools-for-stm32.7-2018-q2-update.win32_1.4.0.202007081208/tools/bin/../lib/gcc/arm-none-eabi/7.3.1/../../../../arm-none-eabi/lib/thumb/v7-m\libc_nano.a(lib_a-puts.o)
                              Radwa_RTOS/Circular_FIFO.o (puts)
c:/st/stm32cubeide_1.4.0/stm32cubeide/plugins/com.st.stm32cube.ide.mcu.externaltools.gnu-tools-for-stm32.7-2018-q2-update.win32_1.4.0.202007081208/tools/bin/../lib/gcc/arm-none-eabi/7.3.1/../../../../arm-none-eabi/lib/thumb/v7-m\libc_nano.a(lib_a-strcmp.o)
                              Radwa_RTOS/Scheduler.o (strcmp)
c:/st/stm32cubeide_1.4.0/stm32cubeide/plugins/com.st.stm32cube.ide.mcu.externaltools.gnu-tools-for-stm32.7-2018-q2-update.win32_1.4.0.202007081208/tools/bin/../lib/gcc/arm-none-eabi/7.3.1/../../../../arm-none-eabi/lib/thumb/v7-m\libc_nano.a(lib_a-wbuf.o)
                              c:/st/stm32cubeide_1.4.0/stm32cubeide/plugins/com.st.stm32cube.ide.mcu.externaltools.gnu-tools-for-stm32.7-2018-q2-update.win32_1.4.0.202007081208/tools/bin/../lib/gcc/arm-none-eabi/7.3.1/../../../../arm-none-eabi/lib/thumb/v7-m\libc_nano.a(lib_a-puts.o) (__swbuf_r)
c:/st/stm32cubeide_1.4.0/stm32cubeide/plugins/com.st.stm32cube.ide.mcu.externaltools.gnu-tools-for-stm32.7-2018-q2-update.win32_1.4.0.202007081208/tools/bin/../lib/gcc/arm-none-eabi/7.3.1/../../../../arm-none-eabi/lib/thumb/v7-m\libc_nano.a(lib_a-wsetup.o)
                              c:/st/stm32cubeide_1.4.0/stm32cubeide/plugins/com.st.stm32cube.ide.mcu.externaltools.gnu-tools-for-stm32.7-2018-q2-update.win32_1.4.0.202007081208/tools/bin/../lib/gcc/arm-none-eabi/7.3.1/../../../../arm-none-eabi/lib/thumb/v7-m\libc_nano.a(lib_a-puts.o) (__swsetup_r)
c:/st/stm32cubeide_1.4.0/stm32cubeide/plugins/com.st.stm32cube.ide.mcu.externaltools.gnu-tools-for-stm32.7-2018-q2-update.win32_1.4.0.202007081208/tools/bin/../lib/gcc/arm-none-eabi/7.3.1/../../../../arm-none-eabi/lib/thumb/v7-m\libc_nano.a(lib_a-fflush.o)
[...]
Memory Configuration

Name             Origin             Length             Attributes
RAM              0x0000000020000000 0x0000000000002800 xrw
ROM              0x0000000008000000 0x0000000000008000 xr
*default*        0x0000000000000000 0xffffffffffffffff

Linker script and memory map

LOAD c:/st/stm32cubeide_1.4.0/stm32cubeide/plugins/com.st.stm32cube.ide.mcu.externaltools.gnu-tools-for-stm32.7-2018-q2-update.win32_1.4.0.202007081208/tools/bin/../lib/gcc/arm-none-eabi/7.3.1/thumb/v7-m/crti.o
LOAD c:/st/stm32cubeide_1.4.0/stm32cubeide/plugins/com.st.stm32cube.ide.mcu.externaltools.gnu-tools-for-stm32.7-2018-q2-update.win32_1.4.0.202007081208/tools/bin/../lib/gcc/arm-none-eabi/7.3.1/thumb/v7-m/crtbegin.o
LOAD c:/st/stm32cubeide_1.4.0/stm32cubeide/plugins/com.st.stm32cube.ide.mcu.externaltools.gnu-tools-for-stm32.7-2018-q2-update.win32_1.4.0.202007081208/tools/bin/../lib/gcc/arm-none-eabi/7.3.1/../../../../arm-none-eabi/lib/thumb/v7-m/crt0.o
LOAD Radwa_RTOS/Circular_FIFO.o
LOAD Radwa_RTOS/CortexMX_porting.o
LOAD Radwa_RTOS/Scheduler.o
LOAD STM32_F1033C6_Drivers/KEYPAD_DRIVER/KPD.o
LOAD STM32_F1033C6_Drivers/LCD_DRIVER/LCD.o
LOAD STM32_F1033C6_Drivers/Stm32_F103C6_EXTI_driver.o
LOAD STM32_F1033C6_Drivers/Stm32_F103C6_gpio_driver.o
LOAD Src/main.o
LOAD Src/syscalls.o
LOAD Src/sysmem.o
LOAD Startup/startup_stm32f103c6tx.o
START GROUP
LOAD c:/st/stm32cubeide_1.4.0/stm32cubeide/plugins/com.st.stm32cube.ide.mcu.externaltools.gnu-tools-for-stm32.7-2018-q2-update.win32_1.4.0.202007081208/tools/bin/../lib/gcc/arm-none-eabi/7.3.1/../../../../arm-none-eabi/lib/thumb/v7-m\libc_nano.a
LOAD c:/st/stm32cubeide_1.4.0/stm32cubeide/plugins/com.st.stm32cube.ide.mcu.externaltools.gnu-tools-for-stm32.7-2018-q2-update.win32_1.4.0.202007081208/tools/bin/../lib/gcc/arm-none-eabi/7.3.1/../../../../arm-none-eabi/lib/thumb/v7-m\libm.a
END GROUP
START GROUP
LOAD c:/st/stm32cubeide_1.4.0/stm32cubeide/plugins/com.st.stm32cube.ide.mcu.externaltools.gnu-tools-for-stm32.7-2018-q2-update.win32_1.4.0.202007081208/tools/bin/../lib/gcc/arm-none-eabi/7.3.1/thumb/v7-m\libgcc.a
LOAD c:/st/stm32cubeide_1.4.0/stm32cubeide/plugins/com.st.stm32cube.ide.mcu.externaltools.gnu-tools-for-stm32.7-2018-q2-update.win32_1.4.0.202007081208/tools/bin/../lib/gcc/arm-none-eabi/7.3.1/../../../../arm-none-eabi/lib/thumb/v7-m\libg_nano.a
LOAD c:/st/stm32cubeide_1.4.0/stm32cubeide/plugins/com.st.stm32cube.ide.mcu.externaltools.gnu-tools-for-stm32.7-2018-q2-update.win32_1.4.0.202007081208/tools/bin/../lib/gcc/arm-none-eabi/7.3.1/../../../../arm-none-eabi/lib/thumb/v7-m\libc_nano.a
END GROUP
START GROUP
LOAD c:/st/stm32cubeide_1.4.0/stm32cubeide/plugins/com.st.stm32cube.ide.mcu.externaltools.gnu-tools-for-stm32.7-2018-q2-update.win32_1.4.0.202007081208/tools/bin/../lib/gcc/arm-none-eabi/7.3.1/thumb/v7-m\libgcc.a
LOAD c:/st/stm32cubeide_1.4.0/stm32cubeide/plugins/com.st.stm32cube.ide.mcu.externaltools.gnu-tools-for-stm32.7-2018-q2-update.win32_1.4.0.202007081208/tools/bin/../lib/gcc/arm-none-eabi/7.3.1/../../../../arm-none-eabi/lib/thumb/v7-m\libc_nano.a
LOAD c:/st/stm32cubeide_1.4.0/stm32cubeide/plugins/com.st.stm32cube.ide.mcu.externaltools.gnu-tools-for-stm32.7-2018-q2-update.win32_1.4.0.202007081208/tools/bin/../lib/gcc/arm-none-eabi/7.3.1/../../../../arm-none-eabi/lib/thumb/v7-m\libnosys.a
END GROUP
START GROUP
LOAD c:/st/stm32cubeide_1.4.0/stm32cubeide/plugins/com.st.stm32cube.ide.mcu.externaltools.gnu-tools-for-stm32.7-2018-q2-update.win32_1.4.0.202007081208/tools/bin/../lib/gcc/arm-none-eabi/7.3.1/thumb/v7-m\libgcc.a
LOAD c:/st/stm32cubeide_1.4.0/stm32cubeide/plugins/com.st.stm32cube.ide.mcu.externaltools.gnu-tools-for-stm32.7-2018-q2-update.win32_1.4.0.202007081208/tools/bin/../lib/gcc/arm-none-eabi/7.3.1/../../../../arm-none-eabi/lib/thumb/v7-m\libc_nano.a
LOAD c:/st/stm32cubeide_1.4.0/stm32cubeide/plugins/com.st.stm32cube.ide.mcu.externaltools.gnu-tools-for-stm32.7-2018-q2-update.win32_1.4.0.202007081208/tools/bin/../lib/gcc/arm-none-eabi/7.3.1/../../../../arm-none-eabi/lib/thumb/v7-m\libnosys.a
END GROUP
LOAD c:/st/stm32cubeide_1.4.0/stm32cubeide/plugins/com.st.stm32cube.ide.mcu.externaltools.gnu-tools-for-stm32.7-2018-q2-update.win32_1.4.0.202007081208/tools/bin/../lib/gcc/arm-none-eabi/7.3.1/thumb/v7-m/crtend.o
LOAD c:/st/stm32cubeide_1.4.0/stm32cubeide/plugins/com.st.stm32cube.ide.mcu.externaltools.gnu-tools-for-stm32.7-2018-q2-update.win32_1.4.0.202007081208/tools/bin/../lib/gcc/arm-none-eabi/7.3.1/thumb/v7-m/crtn.o
                0x0000000020002800                _estack = (ORIGIN (RAM) + LENGTH (RAM))
                0x0000000000000200                _Min_Heap_Size = 0x200
                0x0000000000000400                _Min_Stack_Size = 0x400

.isr_vector     0x0000000008000000      0x130
                0x0000000008000000                . = ALIGN (0x4)
 *(.isr_vector)
 .isr_vector    0x0000000008000000      0x130 Startup/startup_stm32f103c6tx.o
                0x0000000008000000                g_pfnVectors
                0x0000000008000130                . = ALIGN (0x4)

.text           0x0000000008000130      0xdb4
                0x0000000008000130                . = ALIGN (0x4)
 *(.text)
 .text          0x0000000008000130       0x40 c:/st/stm32cubeide_1.4.0/stm32cubeide/plugins/com.st.stm32cube.ide.mcu.externaltools.gnu-tools-for-stm32.7-2018-q2-update.win32_1.4.0.202007081208/tools/bin/../lib/gcc/arm-none-eabi/7.3.1/thumb/v7-m/crtbegin.o
 .text          0x0000000008000170       0x14 c:/st/stm32cubeide_1.4.0/stm32cubeide/plugins/com.st.stm32cube.ide.mcu.externaltools.gnu-tools-for-stm32.7-2018-q2-update.win32_1.4.0.202007081208/tools/bin/../lib/gcc/arm-none-eabi/7.3.1/../../../../arm-none-eabi/lib/thumb/v7-m\libc_nano.a(lib_a-strcmp.o)
                0x0000000008000170                strcmp
 *(.text*)
 .text.FIFO_INIT
                0x0000000008000184       0x40 Radwa_RTOS/Circular_FIFO.o
                0x0000000008000184                FIFO_INIT
 .text.FIFO_enqueue
                0x00000000080001c4       0x7a Radwa_RTOS/Circular_FIFO.o
                0x00000000080001c4                FIFO_enqueue
 .text.FIFO_dequeue
                0x000000000800023e       0x7a Radwa_RTOS/Circular_FIFO.o
                0x000000000800023e                FIFO_dequeue
 .text.FIFO_IS_FULL
                0x00000000080002b8       0x40 Radwa_RTOS/Circular_FIFO.o
                0x00000000080002b8                FIFO_IS_FULL
 .text.__NVIC_SetPriority
                0x00000000080002f8       0x54 Radwa_RTOS/CortexMX_porting.o
 .text.SysTick_Config
                0x000000000800034c       0x44 Radwa_RTOS/CortexMX_porting.o
 .text.HW_init  0x0000000008000390       0x12 Radwa_RTOS/CortexMX_porting.o
                0x0000000008000390                HW_init
 .text.SVC_Handler
                0x00000000080003a2       0x14 Radwa_RTOS/CortexMX_porting.o
                0x00000000080003a2                SVC_Handler
 *fill*         0x00000000080003b6        0x2 
 .text.trigger_OS_PendSV
                0x00000000080003b8       0x1c Radwa_RTOS/CortexMX_porting.o
                0x00000000080003b8                trigger_OS_PendSV
 .text.Start_Ticker
                0x00000000080003d4       0x10 Radwa_RTOS/CortexMX_porting.o
                0x00000000080003d4                Start_Ticker
 .text.BusFault_Handler
                0x00000000080003e4        0x6 Radwa_RTOS/CortexMX_porting.o
                0x00000000080003e4                BusFault_Handler
 .text.MemManage_Handler
                0x00000000080003ea        0x6 Radwa_RTOS/CortexMX_porting.o
                0x00000000080003ea                MemManage_Handler
 .text.UsageFault_Handler
                0x00000000080003f0        0x6 Radwa_RTOS/CortexMX_porting.o
                0x00000000080003f0                UsageFault_Handler
 .text.HardFault_Handler
                0x00000000080003f6        0x6 Radwa_RTOS/CortexMX_porting.o
                0x00000000080003f6                HardFault_Handler
 .text.RadwaRTOS_CREATE_TASK_STACK
                0x00000000080003fc       0x72 Radwa_RTOS/Scheduler.o
                0x00000000080003fc                RadwaRTOS_CREATE_TASK_STACK
 *fill*         0x000000000800046e        0x2 
 .text.RadwaRTOS_CREATE_TASK
                0x0000000008000470       0x7c Radwa_RTOS/Scheduler.o
                0x0000000008000470                RadwaRTOS_CREATE_TASK
 .text.RadwaRTOS_CREATE_MAIN_STACK
                0x00000000080004ec       0x3c Radwa_RTOS/Scheduler.o
                0x00000000080004ec                RadwaRTOS_CREATE_MAIN_STACK
 .text.RadwaRTOS_IDLE_TASK
                0x0000000008000528       0x1c Radwa_RTOS/Scheduler.o
                0x0000000008000528                RadwaRTOS_IDLE_TASK
 .text.RadwaRTOS_CREATE_IDLE_TASK
                0x0000000008000544       0x54 Radwa_RTOS/Scheduler.o
                0x0000000008000544                RadwaRTOS_CREATE_IDLE_TASK
 .text.RadwaRTOS_Init
                0x0000000008000598       0x50 Radwa_RTOS/Scheduler.o
                0x0000000008000598                RadwaRTOS_Init
 .text.OS_SVC_SET
                0x00000000080005e8       0x2e Radwa_RTOS/Scheduler.o
                0x00000000080005e8                OS_SVC_SET
 *fill*         0x0000000008000616        0x2 
 .text.RadwaRTOS_UpdateTask_table
                0x0000000008000618       0xcc Radwa_RTOS/Scheduler.o
                0x0000000008000618                RadwaRTOS_UpdateTask_table
 .text.RadwaRTOS_ACTIVATE_TASK
                0x00000000080006e4       0x1e Radwa_RTOS/Scheduler.o
                0x00000000080006e4                RadwaRTOS_ACTIVATE_TASK
 *fill*         0x0000000008000702        0x2 
 .text.Dispatch_Next_Task
                0x0000000008000704       0xb8 Radwa_RTOS/Scheduler.o
                0x0000000008000704                Dispatch_Next_Task
 .text.OS_SVC   0x00000000080007bc       0x60 Radwa_RTOS/Scheduler.o
                0x00000000080007bc                OS_SVC
 .text.bubble_sort
                0x000000000800081c       0x94 Radwa_RTOS/Scheduler.o
                0x000000000800081c                bubble_sort
 .text.PendSV_Handler
                0x00000000080008b0      0x1d4 Radwa_RTOS/Scheduler.o
                0x00000000080008b0                PendSV_Handler
 .text.RadwaRTOS_Activate_OS
                0x0000000008000a84       0x5c Radwa_RTOS/Scheduler.o
                0x0000000008000a84                RadwaRTOS_Activate_OS
 .text.SysTick_Handler
                0x0000000008000ae0       0x24 Radwa_RTOS/Scheduler.o
                0x0000000008000ae0                SysTick_Handler
 .text.EXTI0_IRQHandler
                0x0000000008000b04       0x1c STM32_F1033C6_Drivers/Stm32_F103C6_EXTI_driver.o
                0x0000000008000b04                EXTI0_IRQHandler
 .text.EXTI1_IRQHandler
                0x0000000008000b20       0x1c STM32_F1033C6_Drivers/Stm32_F103C6_EXTI_driver.o
                0x0000000008000b20                EXTI1_IRQHandler
 .text.EXTI2_IRQHandler
                0x0000000008000b3c       0x1c STM32_F1033C6_Drivers/Stm32_F103C6_EXTI_driver.o
                0x0000000008000b3c                EXTI2_IRQHandler
 .text.EXTI3_IRQHandler
                0x0000000008000b58       0x1c STM32_F1033C6_Drivers/Stm32_F103C6_EXTI_driver.o
                0x0000000008000b58                EXTI3_IRQHandler
 .text.EXTI4_IRQHandler
                0x0000000008000b74       0x1c STM32_F1033C6_Drivers/Stm32_F103C6_EXTI_driver.o
                0x0000000008000b74                EXTI4_IRQHandler
 .text.EXTI9_5_IRQHandler
                0x0000000008000b90       0x8c STM32_F1033C6_Drivers/Stm32_F103C6_EXTI_driver.o
                0x0000000008000b90                EXTI9_5_IRQHandler
 .text.EXTI15_10_IRQHandler
                0x0000000008000c1c       0xc4 STM32_F1033C6_Drivers/Stm32_F103C6_EXTI_driver.o
                0x0000000008000c1c                EXTI15_10_IRQHandler
 .text.Task_A   0x0000000008000ce0       0x18 Src/main.o
                0x0000000008000ce0                Task_A
 .text.Task_B   0x0000000008000cf8       0x18 Src/main.o
                0x0000000008000cf8                Task_B
 .text.Task_C   0x0000000008000d10       0x18 Src/main.o
                0x0000000008000d10                Task_C
 .text.main     0x0000000008000d28      0x108 Src/main.o
                0x0000000008000d28                main
 .text.Reset_Handler
                0x0000000008000e30       0x50 Startup/startup_stm32f103c6tx.o
                0x0000000008000e30                Reset_Handler
 .text.Default_Handler
                0x0000000008000e80        0x2 Startup/startup_stm32f103c6tx.o
                0x0000000008000e80                TIM8_TRG_COM_IRQHandler
                0x0000000008000e80                TIM8_CC_IRQHandler
                0x0000000008000e80                DebugMon_Handler
                0x0000000008000e80                TIM1_CC_IRQHandler
                0x0000000008000e80                TIM6_IRQHandler
                0x0000000008000e80                PVD_IRQHandler
                0x0000000008000e80                SDIO_IRQHandler
                0x0000000008000e80                NMI_Handler
                0x0000000008000e80                USB_HP_CAN_TX_IRQHandler
                0x0000000008000e80                I2C2_EV_IRQHandler
                0x0000000008000e80                ADC1_2_IRQHandler
                0x0000000008000e80                SPI1_IRQHandler
                0x0000000008000e80                CAN_SCE_IRQHandler
                0x0000000008000e80                TAMPER_IRQHandler
                0x0000000008000e80                TIM8_UP_IRQHandler
                0x0000000008000e80                DMA2_Channel2_IRQHandler
                0x0000000008000e80                DMA1_Channel4_IRQHandler
                0x0000000008000e80                USART3_IRQHandler
                0x0000000008000e80                RTC_IRQHandler
                0x0000000008000e80                DMA1_Channel7_IRQHandler
                0x0000000008000e80                UART5_IRQHandler
                0x0000000008000e80                ADC3_IRQHandler
                0x0000000008000e80                TIM4_IRQHandler
                0x0000000008000e80                CAN_RX1_IRQHandler
                0x0000000008000e80                DMA2_Channel1_IRQHandler
                0x0000000008000e80                I2C1_EV_IRQHandler
                0x0000000008000e80                DMA1_Channel6_IRQHandler
                0x0000000008000e80                UART4_IRQHandler
                0x0000000008000e80                TIM3_IRQHandler
                0x0000000008000e80                RCC_IRQHandler
                0x0000000008000e80                TIM1_TRG_COM_IRQHandler
                0x0000000008000e80                DMA1_Channel1_IRQHandler
                0x0000000008000e80                Default_Handler
                0x0000000008000e80                TIM7_IRQHandler
                0x0000000008000e80                TIM5_IRQHandler
                0x0000000008000e80                SPI2_IRQHandler
                0x0000000008000e80                USB_LP_CAN_RX0_IRQHandler
                0x0000000008000e80                DMA1_Channel5_IRQHandler
                0x0000000008000e80                DMA1_Channel3_IRQHandler
                0x0000000008000e80                FSMC_IRQHandler
                0x0000000008000e80                TIM1_UP_IRQHandler
                0x0000000008000e80                WWDG_IRQHandler
                0x0000000008000e80                TIM2_IRQHandler
                0x0000000008000e80                TIM1_BRK_IRQHandler
                0x0000000008000e80                RTCAlarm_IRQHandler
                0x0000000008000e80                DMA2_Channel4_5_IRQHandler
                0x0000000008000e80                USART2_IRQHandler
                0x0000000008000e80                I2C2_ER_IRQHandler
                0x0000000008000e80                DMA1_Channel2_IRQHandler
                0x0000000008000e80                TIM8_BRK_IRQHandler
                0x0000000008000e80                FLASH_IRQHandler
                0x0000000008000e80                USART1_IRQHandler
                0x0000000008000e80                SPI3_IRQHandler
                0x0000000008000e80                I2C1_ER_IRQHandler
                0x0000000008000e80                DMA2_Channel3_IRQHandler
 *fill*         0x0000000008000e82        0x2 
 .text.__libc_init_array
                0x0000000008000e84       0x48 c:/st/stm32cubeide_1.4.0/stm32cubeide/plugins/com.st.stm32cube.ide.mcu.externaltools.gnu-tools-for-stm32.7-2018-q2-update.win32_1.4.0.202007081208/tools/bin/../lib/gcc/arm-none-eabi/7.3.1/../../../../arm-none-eabi/lib/thumb/v7-m\libc_nano.a(lib_a-init.o)
                0x0000000008000e84                __libc_init_array
 *(.glue_7)
 .glue_7        0x0000000008000ecc        0x0 linker stubs
 *(.glue_7t)
 .glue_7t       0x0000000008000ecc        0x0 linker stubs
 *(.eh_frame)
 .eh_frame      0x0000000008000ecc        0x0 c:/st/stm32cubeide_1.4.0/stm32cubeide/plugins/com.st.stm32cube.ide.mcu.externaltools.gnu-tools-for-stm32.7-2018-q2-update.win32_1.4.0.202007081208/tools/bin/../lib/gcc/arm-none-eabi/7.3.1/thumb/v7-m/crtbegin.o
 *(.init)
 .init          0x0000000008000ecc        0x4 c:/st/stm32cubeide_1.4.0/stm32cubeide/plugins/com.st.stm32cube.ide.mcu.externaltools.gnu-tools-for-stm32.7-2018-q2-update.win32_1.4.0.202007081208/tools/bin/../lib/gcc/arm-none-eabi/7.3.1/thumb/v7-m/crti.o
                0x0000000008000ecc                _init
 .init          0x0000000008000ed0        0x8 c:/st/stm32cubeide_1.4.0/stm32cubeide/plugins/com.st.stm32cube.ide.mcu.externaltools.gnu-tools-for-stm32.7-2018-q2-update.win32_1.4.0.202007081208/tools/bin/../lib/gcc/arm-none-eabi/7.3.1/thumb/v7-m/crtn.o
 *(.fini)
 .fini          0x0000000008000ed8        0x4 c:/st/stm32cubeide_1.4.0/stm32cubeide/plugins/com.st.stm32cube.ide.mcu.externaltools.gnu-tools-for-stm32.7-2018-q2-update.win32_1.4.0.202007081208/tools/bin/../lib/gcc/arm-none-eabi/7.3.1/thumb/v7-m/crti.o
                0x0000000008000ed8                _fini
 .fini          0x0000000008000edc        0x8 c:/st/stm32cubeide_1.4.0/stm32cubeide/plugins/com.st.stm32cube.ide.mcu.externaltools.gnu-tools-for-stm32.7-2018-q2-update.win32_1.4.0.202007081208/tools/bin/../lib/gcc/arm-none-eabi/7.3.1/thumb/v7-m/crtn.o
                0x0000000008000ee4                . = ALIGN (0x4)
                0x0000000008000ee4                _etext = .

.vfp11_veneer   0x0000000008000ee4        0x0
 .vfp11_veneer  0x0000000008000ee4        0x0 linker stubs

.v4_bx          0x0000000008000ee4        0x0
 .v4_bx         0x0000000008000ee4        0x0 linker stubs

.iplt           0x0000000008000ee4        0x0
 .iplt          0x0000000008000ee4        0x0 c:/st/stm32cubeide_1.4.0/stm32cubeide/plugins/com.st.stm32cube.ide.mcu.externaltools.gnu-tools-for-stm32.7-2018-q2-update.win32_1.4.0.202007081208/tools/bin/../lib/gcc/arm-none-eabi/7.3.1/thumb/v7-m/crtbegin.o

.rodata         0x0000000008000ee4       0x24
                0x0000000008000ee4                . = ALIGN (0x4)
 *(.rodata)
 .rodata        0x0000000008000ee4        0xa Radwa_RTOS/Scheduler.o
 *fill*         0x0000000008000eee        0x2 
 .rodata        0x0000000008000ef0       0x17 Src/main.o
 *(.rodata*)
                0x0000000008000f08                . = ALIGN (0x4)
 *fill*         0x0000000008000f07        0x1 

.rel.dyn        0x0000000008000f08        0x0
 .rel.iplt      0x0000000008000f08        0x0 c:/st/stm32cubeide_1.4.0/stm32cubeide/plugins/com.st.stm32cube.ide.mcu.externaltools.gnu-tools-for-stm32.7-2018-q2-update.win32_1.4.0.202007081208/tools/bin/../lib/gcc/arm-none-eabi/7.3.1/thumb/v7-m/crtbegin.o

.ARM.extab      0x0000000008000f08        0x0
                0x0000000008000f08                . = ALIGN (0x4)
 *(.ARM.extab* .gnu.linkonce.armextab.*)
                0x0000000008000f08                . = ALIGN (0x4)

.ARM            0x0000000008000f08        0x0
                0x0000000008000f08                . = ALIGN (0x4)
                0x0000000008000f08                __exidx_start = .
 *(.ARM.exidx*)
                0x0000000008000f08                __exidx_end = .
                0x0000000008000f08                . = ALIGN (0x4)

.preinit_array  0x0000000008000f08        0x0
                0x0000000008000f08                . = ALIGN (0x4)
                0x0000000008000f08                PROVIDE (__preinit_array_start = .)
 *(.preinit_array*)
                0x0000000008000f08                PROVIDE (__preinit_array_end = .)
                0x0000000008000f08                . = ALIGN (0x4)

.init_array     0x0000000008000f08        0x4
                0x0000000008000f08                . = ALIGN (0x4)
                0x0000000008000f08                PROVIDE (__init_array_start = .)
 *(SORT_BY_NAME(.init_array.*))
 *(.init_array*)
 .init_array    0x0000000008000f08        0x4 c:/st/stm32cubeide_1.4.0/stm32cubeide/plugins/com.st.stm32cube.ide.mcu.externaltools.gnu-tools-for-stm32.7-2018-q2-update.win32_1.4.0.202007081208/tools/bin/../lib/gcc/arm-none-eabi/7.3.1/thumb/v7-m/crtbegin.o
                0x0000000008000f0c                PROVIDE (__init_array_end = .)
                0x0000000008000f0c                . = ALIGN (0x4)

.fini_array     0x0000000008000f0c        0x4
                0x0000000008000f0c                . = ALIGN (0x4)
                [!provide]                        PROVIDE (__fini_array_start = .)
 *(SORT_BY_NAME(.fini_array.*))
 *(.fini_array*)
 .fini_array    0x0000000008000f0c        0x4 c:/st/stm32cubeide_1.4.0/stm32cubeide/plugins/com.st.stm32cube.ide.mcu.externaltools.gnu-tools-for-stm32.7-2018-q2-update.win32_1.4.0.202007081208/tools/bin/../lib/gcc/arm-none-eabi/7.3.1/thumb/v7-m/crtbegin.o
                [!provide]                        PROVIDE (__fini_array_end = .)
                0x0000000008000f10                . = ALIGN (0x4)
                0x0000000008000f10                _sidata = LOADADDR (.data)

.data           0x0000000020000000        0x0 load address 0x0000000008000f10
                0x0000000020000000                . = ALIGN (0x4)
                0x0000000020000000                _sdata = .
 *(.data)
 *(.data*)
                0x0000000020000000                . = ALIGN (0x4)
                0x0000000020000000                _edata = .

.igot.plt       0x0000000020000000        0x0 load address 0x0000000008000f10
 .igot.plt      0x0000000020000000        0x0 c:/st/stm32cubeide_1.4.0/stm32cubeide/plugins/com.st.stm32cube.ide.mcu.externaltools.gnu-tools-for-stm32.7-2018-q2-update.win32_1.4.0.202007081208/tools/bin/../lib/gcc/arm-none-eabi/7.3.1/thumb/v7-m/crtbegin.o
                0x0000000020000000                . = ALIGN (0x4)

.bss            0x0000000020000000      0x508 load address 0x0000000008000f10
                0x0000000020000000                _sbss = .
                0x0000000020000000                __bss_start__ = _sbss
 *(.bss)
 .bss           0x0000000020000000       0x1c c:/st/stm32cubeide_1.4.0/stm32cubeide/plugins/com.st.stm32cube.ide.mcu.externaltools.gnu-tools-for-stm32.7-2018-q2-update.win32_1.4.0.202007081208/tools/bin/../lib/gcc/arm-none-eabi/7.3.1/thumb/v7-m/crtbegin.o
 *(.bss*)
 *(COMMON)
 COMMON         0x000000002000001c      0x3ac Radwa_RTOS/Scheduler.o
                0x000000002000001c                Idle_LED
                0x0000000020000020                OS_control
                0x00000000200001cc                Ready_table
                0x000000002000035c                ReadyQueue
                0x0000000020000370                Systick_LED
                0x0000000020000374                Idle_task
 COMMON         0x00000000200003c8       0x3c STM32_F1033C6_Drivers/Stm32_F103C6_EXTI_driver.o
                0x00000000200003c8                GP_IRQ_Callback
 COMMON         0x0000000020000404      0x104 Src/main.o
                0x0000000020000404                TaskA_LED
                0x0000000020000405                TaskC_LED
                0x0000000020000408                TaskC
                0x000000002000045c                TaskA
                0x00000000200004b0                TaskB_LED
                0x00000000200004b4                TaskB
                0x0000000020000508                . = ALIGN (0x4)
                0x0000000020000508                _ebss = .
                0x0000000020000508                __bss_end__ = _ebss

._user_heap_stack
                0x0000000020000508      0x600 load address 0x0000000008000f10
                0x0000000020000508                . = ALIGN (0x8)
                [!provide]                        PROVIDE (end = .)
                0x0000000020000508                PROVIDE (_end = .)
                0x0000000020000708                . = (. + _Min_Heap_Size)
 *fill*         0x0000000020000508      0x200 
                0x0000000020000708                _eheap = .
                0x0000000020000b08                . = (. + _Min_Stack_Size)
 *fill*         0x0000000020000708      0x400 
                0x0000000020000b08                . = ALIGN (0x8)

/DISCARD/
 libc.a(*)
 libm.a(*)
 libgcc.a(*)

.ARM.attributes
                0x0000000000000000       0x29
 *(.ARM.attributes)
 .ARM.attributes
                0x0000000000000000       0x1d c:/st/stm32cubeide_1.4.0/stm32cubeide/plugins/com.st.stm32cube.ide.mcu.externaltools.gnu-tools-for-stm32.7-2018-q2-update.win32_1.4.0.202007081208/tools/bin/../lib/gcc/arm-none-eabi/7.3.1/thumb/v7-m/crti.o
 .ARM.attributes
                0x000000000000001d       0x2d c:/st/stm32cubeide_1.4.0/stm32cubeide/plugins/com.st.stm32cube.ide.mcu.externaltools.gnu-tools-for-stm32.7-2018-q2-update.win32_1.4.0.202007081208/tools/bin/../lib/gcc/arm-none-eabi/7.3.1/thumb/v7-m/crtbegin.o
 .ARM.attributes
                0x000000000000004a       0x33 Radwa_RTOS/Circular_FIFO.o
 .ARM.attributes
                0x000000000000007d       0x33 Radwa_RTOS/CortexMX_porting.o
 .ARM.attributes
                0x00000000000000b0       0x33 Radwa_RTOS/Scheduler.o
 .ARM.attributes
                0x00000000000000e3       0x33 STM32_F1033C6_Drivers/Stm32_F103C6_EXTI_driver.o
 .ARM.attributes
                0x0000000000000116       0x33 Src/main.o
 .ARM.attributes
                0x0000000000000149       0x21 Startup/startup_stm32f103c6tx.o
 .ARM.attributes
                0x000000000000016a       0x2d c:/st/stm32cubeide_1.4.0/stm32cubeide/plugins/com.st.stm32cube.ide.mcu.externaltools.gnu-tools-for-stm32.7-2018-q2-update.win32_1.4.0.202007081208/tools/bin/../lib/gcc/arm-none-eabi/7.3.1/../../../../arm-none-eabi/lib/thumb/v7-m\libc_nano.a(lib_a-init.o)
 .ARM.attributes
                0x0000000000000197       0x1b c:/st/stm32cubeide_1.4.0/stm32cubeide/plugins/com.st.stm32cube.ide.mcu.externaltools.gnu-tools-for-stm32.7-2018-q2-update.win32_1.4.0.202007081208/tools/bin/../lib/gcc/arm-none-eabi/7.3.1/../../../../arm-none-eabi/lib/thumb/v7-m\libc_nano.a(lib_a-strcmp.o)
 .ARM.attributes
                0x00000000000001b2       0x1d c:/st/stm32cubeide_1.4.0/stm32cubeide/plugins/com.st.stm32cube.ide.mcu.externaltools.gnu-tools-for-stm32.7-2018-q2-update.win32_1.4.0.202007081208/tools/bin/../lib/gcc/arm-none-eabi/7.3.1/thumb/v7-m/crtn.o
OUTPUT(Drivers.axf elf32-littlearm)

.debug_info     0x0000000000000000     0x3caf
 .debug_info    0x0000000000000000      0xcfa Radwa_RTOS/Circular_FIFO.o
 .debug_info    0x0000000000000cfa      0x5ef Radwa_RTOS/CortexMX_porting.o
 .debug_info    0x00000000000012e9      0xfdf Radwa_RTOS/Scheduler.o
 .debug_info    0x00000000000022c8      0xda0 STM32_F1033C6_Drivers/Stm32_F103C6_EXTI_driver.o
 .debug_info    0x0000000000003068      0xc25 Src/main.o
 .debug_info    0x0000000000003c8d       0x22 Startup/startup_stm32f103c6tx.o

.debug_abbrev   0x0000000000000000      0xaaf
 .debug_abbrev  0x0000000000000000      0x23e Radwa_RTOS/Circular_FIFO.o
 .debug_abbrev  0x000000000000023e      0x174 Radwa_RTOS/CortexMX_porting.o
 .debug_abbrev  0x00000000000003b2      0x30b Radwa_RTOS/Scheduler.o
 .debug_abbrev  0x00000000000006bd      0x210 STM32_F1033C6_Drivers/Stm32_F103C6_EXTI_driver.o
 .debug_abbrev  0x00000000000008cd      0x1d0 Src/main.o
 .debug_abbrev  0x0000000000000a9d       0x12 Startup/startup_stm32f103c6tx.o

.debug_loc      0x0000000000000000      0xb70
 .debug_loc     0x0000000000000000      0x1b4 Radwa_RTOS/Circular_FIFO.o
 .debug_loc     0x00000000000001b4      0x1f8 Radwa_RTOS/CortexMX_porting.o
 .debug_loc     0x00000000000003ac      0x438 Radwa_RTOS/Scheduler.o
 .debug_loc     0x00000000000007e4      0x2d0 STM32_F1033C6_Drivers/Stm32_F103C6_EXTI_driver.o
 .debug_loc     0x0000000000000ab4       0xbc Src/main.o

.debug_aranges  0x0000000000000000      0x218
 .debug_aranges
                0x0000000000000000       0x40 Radwa_RTOS/Circular_FIFO.o
 .debug_aranges
                0x0000000000000040       0x68 Radwa_RTOS/CortexMX_porting.o
 .debug_aranges
                0x00000000000000a8       0x98 Radwa_RTOS/Scheduler.o
 .debug_aranges
                0x0000000000000140       0x78 STM32_F1033C6_Drivers/Stm32_F103C6_EXTI_driver.o
 .debug_aranges
                0x00000000000001b8       0x38 Src/main.o
 .debug_aranges
                0x00000000000001f0       0x28 Startup/startup_stm32f103c6tx.o

.debug_ranges   0x0000000000000000      0x1c0
 .debug_ranges  0x0000000000000000       0x30 Radwa_RTOS/Circular_FIFO.o
 .debug_ranges  0x0000000000000030       0x58 Radwa_RTOS/CortexMX_porting.o
 .debug_ranges  0x0000000000000088       0x88 Radwa_RTOS/Scheduler.o
 .debug_ranges  0x0000000000000110       0x68 STM32_F1033C6_Drivers/Stm32_F103C6_EXTI_driver.o
 .debug_ranges  0x0000000000000178       0x28 Src/main.o
 .debug_ranges  0x00000000000001a0       0x20 Startup/startup_stm32f103c6tx.o

.debug_macro    0x0000000000000000     0x3890
 .debug_macro   0x0000000000000000      0x265 Radwa_RTOS/Circular_FIFO.o
 .debug_macro   0x0000000000000265      0xa60 Radwa_RTOS/Circular_FIFO.o
 .debug_macro   0x0000000000000cc5       0x1c Radwa_RTOS/Circular_FIFO.o
 .debug_macro   0x0000000000000ce1       0x28 Radwa_RTOS/Circular_FIFO.o
 .debug_macro   0x0000000000000d09       0x22 Radwa_RTOS/Circular_FIFO.o
 .debug_macro   0x0000000000000d2b       0x8e Radwa_RTOS/Circular_FIFO.o
 .debug_macro   0x0000000000000db9       0x51 Radwa_RTOS/Circular_FIFO.o
 .debug_macro   0x0000000000000e0a       0xef Radwa_RTOS/Circular_FIFO.o
 .debug_macro   0x0000000000000ef9       0x6a Radwa_RTOS/Circular_FIFO.o
 .debug_macro   0x0000000000000f63      0x1df Radwa_RTOS/Circular_FIFO.o
 .debug_macro   0x0000000000001142       0x22 Radwa_RTOS/Circular_FIFO.o
 .debug_macro   0x0000000000001164       0xe5 Radwa_RTOS/Circular_FIFO.o
 .debug_macro   0x0000000000001249      0xe3c Radwa_RTOS/Circular_FIFO.o
 .debug_macro   0x0000000000002085       0x2e Radwa_RTOS/Circular_FIFO.o
 .debug_macro   0x00000000000020b3       0x46 Radwa_RTOS/Circular_FIFO.o
 .debug_macro   0x00000000000020f9       0x18 Radwa_RTOS/Circular_FIFO.o
 .debug_macro   0x0000000000002111       0x3c Radwa_RTOS/Circular_FIFO.o
 .debug_macro   0x000000000000214d       0x34 Radwa_RTOS/Circular_FIFO.o
 .debug_macro   0x0000000000002181      0x174 Radwa_RTOS/Circular_FIFO.o
 .debug_macro   0x00000000000022f5       0x52 Radwa_RTOS/Circular_FIFO.o
 .debug_macro   0x0000000000002347       0x1f Radwa_RTOS/Circular_FIFO.o
 .debug_macro   0x0000000000002366       0x43 Radwa_RTOS/Circular_FIFO.o
 .debug_macro   0x00000000000023a9       0x20 Radwa_RTOS/Circular_FIFO.o
 .debug_macro   0x00000000000023c9      0x1a3 Radwa_RTOS/Circular_FIFO.o
 .debug_macro   0x000000000000256c      0x32a Radwa_RTOS/Circular_FIFO.o
 .debug_macro   0x0000000000002896       0x10 Radwa_RTOS/Circular_FIFO.o
 .debug_macro   0x00000000000028a6       0x35 Radwa_RTOS/Circular_FIFO.o
 .debug_macro   0x00000000000028db       0x20 Radwa_RTOS/Circular_FIFO.o
 .debug_macro   0x00000000000028fb       0x1c Radwa_RTOS/Circular_FIFO.o
 .debug_macro   0x0000000000002917       0x10 Radwa_RTOS/Circular_FIFO.o
 .debug_macro   0x0000000000002927       0x10 Radwa_RTOS/Circular_FIFO.o
 .debug_macro   0x0000000000002937       0x1c Radwa_RTOS/Circular_FIFO.o
 .debug_macro   0x0000000000002953       0x52 Radwa_RTOS/Circular_FIFO.o
 .debug_macro   0x00000000000029a5       0x40 Radwa_RTOS/Circular_FIFO.o
 .debug_macro   0x00000000000029e5       0x10 Radwa_RTOS/Circular_FIFO.o
 .debug_macro   0x00000000000029f5       0x40 Radwa_RTOS/Circular_FIFO.o
 .debug_macro   0x0000000000002a35       0xd7 Radwa_RTOS/Circular_FIFO.o
 .debug_macro   0x0000000000002b0c       0x1c Radwa_RTOS/Circular_FIFO.o
 .debug_macro   0x0000000000002b28       0x3d Radwa_RTOS/Circular_FIFO.o
 .debug_macro   0x0000000000002b65       0x16 Radwa_RTOS/Circular_FIFO.o
 .debug_macro   0x0000000000002b7b      0x145 Radwa_RTOS/Circular_FIFO.o
 .debug_macro   0x0000000000002cc0       0x10 Radwa_RTOS/Circular_FIFO.o
 .debug_macro   0x0000000000002cd0       0xc1 Radwa_RTOS/CortexMX_porting.o
 .debug_macro   0x0000000000002d91      0x269 Radwa_RTOS/Scheduler.o
 .debug_macro   0x0000000000002ffa      0x1f7 STM32_F1033C6_Drivers/Stm32_F103C6_EXTI_driver.o
 .debug_macro   0x00000000000031f1       0xd6 STM32_F1033C6_Drivers/Stm32_F103C6_EXTI_driver.o
 .debug_macro   0x00000000000032c7      0x21f STM32_F1033C6_Drivers/Stm32_F103C6_EXTI_driver.o
 .debug_macro   0x00000000000034e6      0x2b5 Src/main.o
 .debug_macro   0x000000000000379b       0xdf Src/main.o
 .debug_macro   0x000000000000387a       0x16 Src/main.o

.debug_line     0x0000000000000000     0x2544
 .debug_line    0x0000000000000000      0x75f Radwa_RTOS/Circular_FIFO.o
 .debug_line    0x000000000000075f      0x54c Radwa_RTOS/CortexMX_porting.o
 .debug_line    0x0000000000000cab      0x8a7 Radwa_RTOS/Scheduler.o
 .debug_line    0x0000000000001552      0x7c0 STM32_F1033C6_Drivers/Stm32_F103C6_EXTI_driver.o
 .debug_line    0x0000000000001d12      0x7ae Src/main.o
 .debug_line    0x00000000000024c0       0x84 Startup/startup_stm32f103c6tx.o

.debug_str      0x0000000000000000    0x10103
 .debug_str     0x0000000000000000     0xdaaf Radwa_RTOS/Circular_FIFO.o
                                       0xdd43 (size before relaxing)
 .debug_str     0x000000000000daaf      0x2c1 Radwa_RTOS/CortexMX_porting.o
                                       0x99cb (size before relaxing)
 .debug_str     0x000000000000dd70      0x2b2 Radwa_RTOS/Scheduler.o
                                       0xdf98 (size before relaxing)
 .debug_str     0x000000000000e022     0x2058 STM32_F1033C6_Drivers/Stm32_F103C6_EXTI_driver.o
                                       0x9693 (size before relaxing)
 .debug_str     0x000000000001007a       0x58 Src/main.o
                                       0xfa81 (size before relaxing)
 .debug_str     0x00000000000100d2       0x31 Startup/startup_stm32f103c6tx.o
                                         0x6a (size before relaxing)

.comment        0x0000000000000000       0x7b
 .comment       0x0000000000000000       0x7b Radwa_RTOS/Circular_FIFO.o
                                         0x7c (size before relaxing)
 .comment       0x000000000000007b       0x7c Radwa_RTOS/CortexMX_porting.o
 .comment       0x000000000000007b       0x7c Radwa_RTOS/Scheduler.o
 .comment       0x000000000000007b       0x7c STM32_F1033C6_Drivers/Stm32_F103C6_EXTI_driver.o
 .comment       0x000000000000007b       0x7c Src/main.o

.debug_frame    0x0000000000000000      0x664
 .debug_frame   0x0000000000000000       0xd0 Radwa_RTOS/Circular_FIFO.o
 .debug_frame   0x00000000000000d0      0x124 Radwa_RTOS/CortexMX_porting.o
 .debug_frame   0x00000000000001f4      0x220 Radwa_RTOS/Scheduler.o
 .debug_frame   0x0000000000000414      0x18c STM32_F1033C6_Drivers/Stm32_F103C6_EXTI_driver.o
 .debug_frame   0x00000000000005a0       0x78 Src/main.o
 .debug_frame   0x0000000000000618       0x2c c:/st/stm32cubeide_1.4.0/stm32cubeide/plugins/com.st.stm32cube.ide.mcu.externaltools.gnu-tools-for-stm32.7-2018-q2-update.win32_1.4.0.202007081208/tools/bin/../lib/gcc/arm-none-eabi/7.3.1/../../../../arm-none-eabi/lib/thumb/v7-m\libc_nano.a(lib_a-init.o)
 .debug_frame   0x0000000000000644       0x20 c:/st/stm32cubeide_1.4.0/stm32cubeide/plugins/com.st.stm32cube.ide.mcu.externaltools.gnu-tools-for-stm32.7-2018-q2-update.win32_1.4.0.202007081208/tools/bin/../lib/gcc/arm-none-eabi/7.3.1/../../../../arm-none-eabi/lib/thumb/v7-m\libc_nano.a(lib_a-strcmp.o)
