Scheduler.c:56:6:RadwaRTOS_CREATE_TASK_STACK	24	static
Scheduler.c:96:17:RadwaRTOS_CREATE_TASK	24	static
Scheduler.c:125:6:RadwaRTOS_CREATE_MAIN_STACK	4	static
Scheduler.c:132:6:RadwaRTOS_IDLE_TASK	4	static,ignoring_inline_asm
Scheduler.c:139:17:RadwaRTOS_CREATE_IDLE_TASK	16	static
Scheduler.c:155:17:RadwaRTOS_Init	16	static
Scheduler.c:174:5:OS_SVC_SET	16	static,ignoring_inline_asm
Scheduler.c:191:6:RadwaRTOS_UpdateTask_table	24	static
Scheduler.c:234:6:RadwaRTOS_ACTIVATE_TASK	16	static
Scheduler.c:241:6:RadwaRTOS_TERMINATE_TASK	16	static
Scheduler.c:247:6:RadwaRTOS_TASK_WAIT	16	static
Scheduler.c:259:17:RadwaRTOS_ACQUIRE_MUTEX	16	static
Scheduler.c:281:6:RadwaRTOS_RELEASE_MUTEX	16	static
Scheduler.c:295:6:Dispatch_Next_Task	8	static
Scheduler.c:311:6:OS_SVC	24	static
Scheduler.c:333:6:bubble_sort	24	static
Scheduler.c:348:28:PendSV_Handler	0	static,ignoring_inline_asm
Scheduler.c:440:6:RadwaRTOS_Activate_OS	8	static,ignoring_inline_asm
Scheduler.c:453:6:RadwaRTOS_UpdateWaiting_time	16	static
Scheduler.c:471:6:SysTick_Handler	8	static
